HD44780_F3.c:172:6:GPIO_SetBits	16	static
HD44780_F3.c:176:6:GPIO_ResetBits	16	static
HD44780_F3.c:182:6:hd44780_wr_hi_nibble	16	static
HD44780_F3.c:217:6:hd44780_wr_lo_nibble	16	static
HD44780_F3.c:251:6:hd44780_write	16	static
HD44780_F3.c:318:6:hd44780_wr_cmd	16	static
HD44780_F3.c:323:6:hd44780_wr_data	16	static
HD44780_F3.c:343:6:hd44780_Delay	16	static
HD44780_F3.c:365:6:HD44780_Init	32	static
HD44780_F3.c:442:6:HD44780_PutChar	16	static
HD44780_F3.c:462:6:HD44780_GotoXY	24	static
HD44780_F3.c:502:6:HD44780_PutStr	24	static
HD44780_F3.c:524:6:HD44780_ClrScr	8	static
HD44780_F3.c:542:6:HD44780_floatingNumberDisplay	32	dynamic
